// Jest Snapshot v1, https://goo.gl/fbAQLP

exports[`PageContainer ü•© base use 1`] = `
<div class="_rawValue __v_isRef _value">
  <div class="ant-pro-page-container-warp">
    <div class="ant-page-header has-breadcrumb ant-page-header-ghost">
      <div class="ant-breadcrumb"><span><span class="ant-breadcrumb-link"><a href="#/index">First-level Menu</a></span><span class="ant-breadcrumb-separator">/</span></span><span><span class="ant-breadcrumb-link"><a href="#/index/first">Second-level Menu</a></span><span class="ant-breadcrumb-separator">/</span></span><span><span class="ant-breadcrumb-link"><span>Third-level Menu</span></span><span class="ant-breadcrumb-separator">/</span></span></div>
      <div class="ant-page-header-heading">
        <div class="ant-page-header-back">
          <div role="button" tabindex="0" class="ant-page-header-back-button" aria-label="Back" style="border: 0px; background: transparent; padding: 0px; line-height: inherit; display: inline-block;"><span role="img" aria-label="arrow-left" class="anticon anticon-arrow-left"><svg class="" data-icon="arrow-left" width="1em" height="1em" fill="currentColor" aria-hidden="true" viewBox="64 64 896 896" focusable="false"><path d="M872 474H286.9l350.2-304c5.6-4.9 2.2-14-5.2-14h-88.5c-3.9 0-7.6 1.4-10.5 3.9L155 487.8a31.96 31.96 0 000 48.3L535.1 866c1.5 1.3 3.3 2 5.2 2h91.5c7.4 0 10.8-9.2 5.2-14L286.9 550H872c4.4 0 8-3.6 8-8v-60c0-4.4-3.6-8-8-8z"></path></svg></span></div>
        </div>
        <!----><span class="ant-page-header-heading-title">Title</span><span class="ant-page-header-heading-sub-title">This is a subtitle</span><span class="ant-page-header-heading-tags"><span class="ant-tag ant-tag-blue">Tag 1<!----></span><span class="ant-tag ant-tag-blue">Tag 2<!----></span></span><span class="ant-page-header-heading-extra"><button class="ant-btn ant-btn-primary" type="button"><!----><span>‰∏ªÊìç‰Ωú</span></button></span>
      </div>
      <div class="ant-page-header-content">
        <div class="ant-pro-page-container-detail">
          <div class="ant-pro-page-container-main">
            <div class="ant-pro-page-container-row">
              <div class="ant-pro-page-container-content">
                <div>content</div>
              </div>
              <div class="ant-pro-page-container-extraContent">
                <div>extraContent</div>
              </div>
            </div>
          </div>
        </div>
      </div>
      <!---->
    </div>
  </div>
  <div class="ant-pro-grid-content">
    <div class="ant-pro-grid-content-children">
      <div>
        <div class="ant-pro-page-container-children-content">
          <div>PageContent</div>
        </div>
        <!---->
      </div>
    </div>
  </div>
  <div class="ant-pro-footer-bar">
    <div class="ant-pro-footer-bar-left">
      <!---->
    </div>
    <div class="ant-pro-footer-bar-right"><button class="ant-btn" type="button">
        <!----><span>Èáç ÁΩÆ</span>
      </button><button class="ant-btn ant-btn-primary" type="button">
        <!----><span>Êèê ‰∫§</span>
      </button></div>
  </div>
</div>
`;
